---
source: tests/cli_snapshots.rs
expression: "run(&[\"accounts\", \"show\", \"acct_1\"])"
---
╭───────────┬────────────────╮
│ key       ┆ value          │
╞═══════════╪════════════════╡
│ id        ┆ acct_1         │
├╌╌╌╌╌╌╌╌╌╌╌┼╌╌╌╌╌╌╌╌╌╌╌╌╌╌╌╌┤
│ name      ┆ Chase Checking │
├╌╌╌╌╌╌╌╌╌╌╌┼╌╌╌╌╌╌╌╌╌╌╌╌╌╌╌╌┤
│ type      ┆ depository     │
├╌╌╌╌╌╌╌╌╌╌╌┼╌╌╌╌╌╌╌╌╌╌╌╌╌╌╌╌┤
│ sub_type  ┆ checking       │
├╌╌╌╌╌╌╌╌╌╌╌┼╌╌╌╌╌╌╌╌╌╌╌╌╌╌╌╌┤
│ mask      ┆ 1234           │
├╌╌╌╌╌╌╌╌╌╌╌┼╌╌╌╌╌╌╌╌╌╌╌╌╌╌╌╌┤
│ balance   ┆ $5432.10       │
├╌╌╌╌╌╌╌╌╌╌╌┼╌╌╌╌╌╌╌╌╌╌╌╌╌╌╌╌┤
│ limit     ┆                │
├╌╌╌╌╌╌╌╌╌╌╌┼╌╌╌╌╌╌╌╌╌╌╌╌╌╌╌╌┤
│ color     ┆ blue           │
├╌╌╌╌╌╌╌╌╌╌╌┼╌╌╌╌╌╌╌╌╌╌╌╌╌╌╌╌┤
│ is_manual ┆ false          │
├╌╌╌╌╌╌╌╌╌╌╌┼╌╌╌╌╌╌╌╌╌╌╌╌╌╌╌╌┤
│ is_hidden ┆ false          │
├╌╌╌╌╌╌╌╌╌╌╌┼╌╌╌╌╌╌╌╌╌╌╌╌╌╌╌╌┤
│ is_closed ┆ false          │
╰───────────┴────────────────╯
