---
source: tests/cli_snapshots.rs
expression: "run(&[\"spending\", \"history\"])"
---
╭─────────┬──────────┬────────────┬──────────────────╮
│ month   ┆ amount   ┆ comparison ┆ unpaid_recurring │
╞═════════╪══════════╪════════════╪══════════════════╡
│ 2025-10 ┆ $3200.50 ┆ $2900.00   ┆ $0.00            │
├╌╌╌╌╌╌╌╌╌┼╌╌╌╌╌╌╌╌╌╌┼╌╌╌╌╌╌╌╌╌╌╌╌┼╌╌╌╌╌╌╌╌╌╌╌╌╌╌╌╌╌╌┤
│ 2025-11 ┆ $2800.75 ┆ $3200.50   ┆ $200.00          │
├╌╌╌╌╌╌╌╌╌┼╌╌╌╌╌╌╌╌╌╌┼╌╌╌╌╌╌╌╌╌╌╌╌┼╌╌╌╌╌╌╌╌╌╌╌╌╌╌╌╌╌╌┤
│ 2025-12 ┆ $3500.00 ┆ $2800.75   ┆ $450.00          │
╰─────────┴──────────┴────────────┴──────────────────╯
