---
source: tests/cli_snapshots.rs
expression: "run(&[\"spending\", \"summary\"])"
---
╭──────────────┬──────────╮
│ key          ┆ value    │
╞══════════════╪══════════╡
│ transactions ┆ 157      │
├╌╌╌╌╌╌╌╌╌╌╌╌╌╌┼╌╌╌╌╌╌╌╌╌╌┤
│ total_income ┆ $8500.00 │
├╌╌╌╌╌╌╌╌╌╌╌╌╌╌┼╌╌╌╌╌╌╌╌╌╌┤
│ total_spent  ┆ $6049.25 │
├╌╌╌╌╌╌╌╌╌╌╌╌╌╌┼╌╌╌╌╌╌╌╌╌╌┤
│ net_income   ┆ $2450.75 │
╰──────────────┴──────────╯
