---
source: tests/cli_snapshots.rs
expression: "run(&[\"transactions\", \"list\", \"--from\", \"2025-12-15\"])"
---
╭────────────┬────────────┬──────────┬──────────┬──────────┬──────────┬──────╮
│ date       ┆ name       ┆ amount   ┆ reviewed ┆ category ┆ tags     ┆ type │
╞════════════╪════════════╪══════════╪══════════╪══════════╪══════════╪══════╡
│ 2025-12-15 ┆ Venmo      ┆ -$100.00 ┆          ┆ Other    ┆          ┆      │
├╌╌╌╌╌╌╌╌╌╌╌╌┼╌╌╌╌╌╌╌╌╌╌╌╌┼╌╌╌╌╌╌╌╌╌╌┼╌╌╌╌╌╌╌╌╌╌┼╌╌╌╌╌╌╌╌╌╌┼╌╌╌╌╌╌╌╌╌╌┼╌╌╌╌╌╌┤
│ 2025-12-15 ┆ Amazon.com ┆  -$57.48 ┆ ✓        ┆ Shops    ┆ Shopping ┆      │
╰────────────┴────────────┴──────────┴──────────┴──────────┴──────────┴──────╯
