---
source: tests/cli_snapshots.rs
expression: "run(&[\"networth\", \"history\"])"
---
╭────────────┬────────────┬───────────┬───────────╮
│ date       ┆ assets     ┆ debt      ┆ net_worth │
╞════════════╪════════════╪═══════════╪═══════════╡
│ 2025-10-01 ┆ $120000.00 ┆ $46000.00 ┆ $74000.00 │
├╌╌╌╌╌╌╌╌╌╌╌╌┼╌╌╌╌╌╌╌╌╌╌╌╌┼╌╌╌╌╌╌╌╌╌╌╌┼╌╌╌╌╌╌╌╌╌╌╌┤
│ 2025-11-01 ┆ $122500.00 ┆ $45500.00 ┆ $77000.00 │
├╌╌╌╌╌╌╌╌╌╌╌╌┼╌╌╌╌╌╌╌╌╌╌╌╌┼╌╌╌╌╌╌╌╌╌╌╌┼╌╌╌╌╌╌╌╌╌╌╌┤
│ 2025-12-01 ┆ $125000.50 ┆ $45000.25 ┆ $80000.25 │
╰────────────┴────────────┴───────────┴───────────╯
