---
source: tests/cli_snapshots.rs
expression: "run(&[\"transactions\", \"list\", \"--from\", \"2026-01-01\"])"
---
╭──────┬──────┬────────┬──────────┬──────────┬──────┬──────╮
│ date ┆ name ┆ amount ┆ reviewed ┆ category ┆ tags ┆ type │
╞══════╪══════╪════════╪══════════╪══════════╪══════╪══════╡
╰──────┴──────┴────────┴──────────┴──────────┴──────┴──────╯
