---
source: tests/cli_snapshots.rs
expression: "run(&[\"spending\", \"monthly\"])"
---
╭────────────┬──────────┬────────────╮
│ date       ┆ total    ┆ comparison │
╞════════════╪══════════╪════════════╡
│ 2025-10-01 ┆ $3200.50 ┆ $2900.00   │
├╌╌╌╌╌╌╌╌╌╌╌╌┼╌╌╌╌╌╌╌╌╌╌┼╌╌╌╌╌╌╌╌╌╌╌╌┤
│ 2025-11-01 ┆ $2800.75 ┆ $3200.50   │
├╌╌╌╌╌╌╌╌╌╌╌╌┼╌╌╌╌╌╌╌╌╌╌┼╌╌╌╌╌╌╌╌╌╌╌╌┤
│ 2025-12-01 ┆ $3500.00 ┆ $2800.75   │
╰────────────┴──────────┴────────────╯
